[0.566s] DEBUG:colcon:Command line arguments: ['/usr/bin/colcon', 'build']
[0.566s] DEBUG:colcon:Parsed command line arguments: Namespace(log_base=None, log_level=None, verb_name='build', build_base='build', install_base='install', merge_install=False, symlink_install=False, test_result_base=None, continue_on_error=False, executor='parallel', parallel_workers=8, event_handlers=None, ignore_user_meta=False, metas=['./colcon.meta'], base_paths=['.'], packages_ignore=None, packages_ignore_regex=None, paths=None, packages_up_to=None, packages_up_to_regex=None, packages_above=None, packages_above_and_dependencies=None, packages_above_depth=None, packages_select_by_dep=None, packages_skip_by_dep=None, packages_skip_up_to=None, packages_select_build_failed=False, packages_skip_build_finished=False, packages_select_test_failures=False, packages_skip_test_passed=False, packages_select=None, packages_skip=None, packages_select_regex=None, packages_skip_regex=None, packages_start=None, packages_end=None, allow_overriding=[], cmake_args=None, cmake_target=None, cmake_target_skip_unavailable=False, cmake_clean_cache=False, cmake_clean_first=False, cmake_force_configure=False, ament_cmake_args=None, catkin_cmake_args=None, catkin_skip_building_tests=False, verb_parser=<colcon_defaults.argument_parser.defaults.DefaultArgumentsDecorator object at 0x7f1bca265db0>, verb_extension=<colcon_core.verb.build.BuildVerb object at 0x7f1bca3f33a0>, main=<bound method BuildVerb.main of <colcon_core.verb.build.BuildVerb object at 0x7f1bca3f33a0>>)
[0.672s] Level 1:colcon.colcon_core.package_discovery:discover_packages(colcon_meta) check parameters
[0.673s] Level 1:colcon.colcon_core.package_discovery:discover_packages(recursive) check parameters
[0.673s] Level 1:colcon.colcon_core.package_discovery:discover_packages(ignore) check parameters
[0.673s] Level 1:colcon.colcon_core.package_discovery:discover_packages(path) check parameters
[0.673s] Level 1:colcon.colcon_core.package_discovery:discover_packages(colcon_meta) discover
[0.673s] Level 1:colcon.colcon_core.package_discovery:discover_packages(recursive) discover
[0.673s] INFO:colcon.colcon_core.package_discovery:Crawling recursively for packages in '/home/zinzi/safeguard_ws'
[0.673s] Level 1:colcon.colcon_core.package_identification:_identify(.) by extensions ['ignore', 'ignore_ament_install']
[0.674s] Level 1:colcon.colcon_core.package_identification:_identify(.) by extension 'ignore'
[0.674s] Level 1:colcon.colcon_core.package_identification:_identify(.) by extension 'ignore_ament_install'
[0.674s] Level 1:colcon.colcon_core.package_identification:_identify(.) by extensions ['colcon_pkg']
[0.674s] Level 1:colcon.colcon_core.package_identification:_identify(.) by extension 'colcon_pkg'
[0.674s] Level 1:colcon.colcon_core.package_identification:_identify(.) by extensions ['colcon_meta']
[0.674s] Level 1:colcon.colcon_core.package_identification:_identify(.) by extension 'colcon_meta'
[0.674s] Level 1:colcon.colcon_core.package_identification:_identify(.) by extensions ['ros']
[0.674s] Level 1:colcon.colcon_core.package_identification:_identify(.) by extension 'ros'
[0.730s] Level 1:colcon.colcon_core.package_identification:_identify(.) by extensions ['cmake', 'python']
[0.730s] Level 1:colcon.colcon_core.package_identification:_identify(.) by extension 'cmake'
[0.730s] Level 1:colcon.colcon_core.package_identification:_identify(.) by extension 'python'
[0.730s] Level 1:colcon.colcon_core.package_identification:_identify(.) by extensions ['python_setup_py']
[0.730s] Level 1:colcon.colcon_core.package_identification:_identify(.) by extension 'python_setup_py'
[0.731s] Level 1:colcon.colcon_core.package_identification:_identify(build) by extensions ['ignore', 'ignore_ament_install']
[0.731s] Level 1:colcon.colcon_core.package_identification:_identify(build) by extension 'ignore'
[0.731s] Level 1:colcon.colcon_core.package_identification:_identify(build) ignored
[0.731s] Level 1:colcon.colcon_core.package_identification:_identify(install) by extensions ['ignore', 'ignore_ament_install']
[0.731s] Level 1:colcon.colcon_core.package_identification:_identify(install) by extension 'ignore'
[0.731s] Level 1:colcon.colcon_core.package_identification:_identify(install) ignored
[0.731s] Level 1:colcon.colcon_core.package_identification:_identify(log) by extensions ['ignore', 'ignore_ament_install']
[0.732s] Level 1:colcon.colcon_core.package_identification:_identify(log) by extension 'ignore'
[0.732s] Level 1:colcon.colcon_core.package_identification:_identify(log) ignored
[0.732s] Level 1:colcon.colcon_core.package_identification:_identify(src) by extensions ['ignore', 'ignore_ament_install']
[0.732s] Level 1:colcon.colcon_core.package_identification:_identify(src) by extension 'ignore'
[0.732s] Level 1:colcon.colcon_core.package_identification:_identify(src) by extension 'ignore_ament_install'
[0.732s] Level 1:colcon.colcon_core.package_identification:_identify(src) by extensions ['colcon_pkg']
[0.732s] Level 1:colcon.colcon_core.package_identification:_identify(src) by extension 'colcon_pkg'
[0.732s] Level 1:colcon.colcon_core.package_identification:_identify(src) by extensions ['colcon_meta']
[0.732s] Level 1:colcon.colcon_core.package_identification:_identify(src) by extension 'colcon_meta'
[0.732s] Level 1:colcon.colcon_core.package_identification:_identify(src) by extensions ['ros']
[0.732s] Level 1:colcon.colcon_core.package_identification:_identify(src) by extension 'ros'
[0.732s] Level 1:colcon.colcon_core.package_identification:_identify(src) by extensions ['cmake', 'python']
[0.732s] Level 1:colcon.colcon_core.package_identification:_identify(src) by extension 'cmake'
[0.732s] Level 1:colcon.colcon_core.package_identification:_identify(src) by extension 'python'
[0.732s] Level 1:colcon.colcon_core.package_identification:_identify(src) by extensions ['python_setup_py']
[0.732s] Level 1:colcon.colcon_core.package_identification:_identify(src) by extension 'python_setup_py'
[0.733s] Level 1:colcon.colcon_core.package_identification:_identify(src/safeguard_detection) by extensions ['ignore', 'ignore_ament_install']
[0.733s] Level 1:colcon.colcon_core.package_identification:_identify(src/safeguard_detection) by extension 'ignore'
[0.733s] Level 1:colcon.colcon_core.package_identification:_identify(src/safeguard_detection) by extension 'ignore_ament_install'
[0.733s] Level 1:colcon.colcon_core.package_identification:_identify(src/safeguard_detection) by extensions ['colcon_pkg']
[0.733s] Level 1:colcon.colcon_core.package_identification:_identify(src/safeguard_detection) by extension 'colcon_pkg'
[0.733s] Level 1:colcon.colcon_core.package_identification:_identify(src/safeguard_detection) by extensions ['colcon_meta']
[0.733s] Level 1:colcon.colcon_core.package_identification:_identify(src/safeguard_detection) by extension 'colcon_meta'
[0.733s] Level 1:colcon.colcon_core.package_identification:_identify(src/safeguard_detection) by extensions ['ros']
[0.733s] Level 1:colcon.colcon_core.package_identification:_identify(src/safeguard_detection) by extension 'ros'
[0.739s] DEBUG:colcon.colcon_core.package_identification:Package 'src/safeguard_detection' with type 'ros.ament_python' and name 'safeguard_detection'
[0.740s] Level 1:colcon.colcon_core.package_discovery:discover_packages(recursive) using defaults
[0.740s] Level 1:colcon.colcon_core.package_discovery:discover_packages(ignore) discover
[0.740s] Level 1:colcon.colcon_core.package_discovery:discover_packages(ignore) using defaults
[0.740s] Level 1:colcon.colcon_core.package_discovery:discover_packages(path) discover
[0.741s] Level 1:colcon.colcon_core.package_discovery:discover_packages(path) using defaults
[0.791s] Level 1:colcon.colcon_core.package_discovery:discover_packages(prefix_path) check parameters
[0.791s] Level 1:colcon.colcon_core.package_discovery:discover_packages(prefix_path) discover
[0.798s] DEBUG:colcon.colcon_installed_package_information.package_discovery:Found 279 installed packages in /opt/ros/humble
[0.799s] Level 1:colcon.colcon_core.package_discovery:discover_packages(prefix_path) using defaults
[0.934s] Level 5:colcon.colcon_core.verb:set package 'safeguard_detection' build argument 'cmake_args' from command line to 'None'
[0.934s] Level 5:colcon.colcon_core.verb:set package 'safeguard_detection' build argument 'cmake_target' from command line to 'None'
[0.934s] Level 5:colcon.colcon_core.verb:set package 'safeguard_detection' build argument 'cmake_target_skip_unavailable' from command line to 'False'
[0.934s] Level 5:colcon.colcon_core.verb:set package 'safeguard_detection' build argument 'cmake_clean_cache' from command line to 'False'
[0.934s] Level 5:colcon.colcon_core.verb:set package 'safeguard_detection' build argument 'cmake_clean_first' from command line to 'False'
[0.934s] Level 5:colcon.colcon_core.verb:set package 'safeguard_detection' build argument 'cmake_force_configure' from command line to 'False'
[0.934s] Level 5:colcon.colcon_core.verb:set package 'safeguard_detection' build argument 'ament_cmake_args' from command line to 'None'
[0.934s] Level 5:colcon.colcon_core.verb:set package 'safeguard_detection' build argument 'catkin_cmake_args' from command line to 'None'
[0.934s] Level 5:colcon.colcon_core.verb:set package 'safeguard_detection' build argument 'catkin_skip_building_tests' from command line to 'False'
[0.934s] DEBUG:colcon.colcon_core.verb:Building package 'safeguard_detection' with the following arguments: {'ament_cmake_args': None, 'build_base': '/home/zinzi/safeguard_ws/build/safeguard_detection', 'catkin_cmake_args': None, 'catkin_skip_building_tests': False, 'cmake_args': None, 'cmake_clean_cache': False, 'cmake_clean_first': False, 'cmake_force_configure': False, 'cmake_target': None, 'cmake_target_skip_unavailable': False, 'install_base': '/home/zinzi/safeguard_ws/install/safeguard_detection', 'merge_install': False, 'path': '/home/zinzi/safeguard_ws/src/safeguard_detection', 'symlink_install': False, 'test_result_base': None}
[0.934s] INFO:colcon.colcon_core.executor:Executing jobs using 'parallel' executor
[0.943s] DEBUG:colcon.colcon_parallel_executor.executor.parallel:run_until_complete
[0.944s] INFO:colcon.colcon_ros.task.ament_python.build:Building ROS package in '/home/zinzi/safeguard_ws/src/safeguard_detection' with build type 'ament_python'
[0.944s] Level 1:colcon.colcon_core.shell:create_environment_hook('safeguard_detection', 'ament_prefix_path')
[0.954s] INFO:colcon.colcon_core.plugin_system:Skipping extension 'colcon_core.shell.bat': Not used on non-Windows systems
[0.954s] INFO:colcon.colcon_core.shell:Creating environment hook '/home/zinzi/safeguard_ws/install/safeguard_detection/share/safeguard_detection/hook/ament_prefix_path.ps1'
[0.956s] INFO:colcon.colcon_core.shell:Creating environment descriptor '/home/zinzi/safeguard_ws/install/safeguard_detection/share/safeguard_detection/hook/ament_prefix_path.dsv'
[0.957s] INFO:colcon.colcon_core.shell:Creating environment hook '/home/zinzi/safeguard_ws/install/safeguard_detection/share/safeguard_detection/hook/ament_prefix_path.sh'
[0.961s] INFO:colcon.colcon_core.shell:Skip shell extension 'powershell' for command environment: Not usable outside of PowerShell
[0.961s] DEBUG:colcon.colcon_core.shell:Skip shell extension 'dsv' for command environment
[1.239s] INFO:colcon.colcon_core.task.python.build:Building Python package in '/home/zinzi/safeguard_ws/src/safeguard_detection'
[1.239s] INFO:colcon.colcon_core.shell:Skip shell extension 'powershell' for command environment: Not usable outside of PowerShell
[1.239s] DEBUG:colcon.colcon_core.shell:Skip shell extension 'dsv' for command environment
[1.877s] DEBUG:colcon.colcon_core.task.python.build:Available setuptools commands: develop, bdist_wheel, update_catalog, install_lib, easy_install, dist_info, check, alias, setopt, compile_catalog, symlink_data, editable_wheel, egg_info, clean, init_catalog, bdist_dumb, bdist_rpm, sdist, build_scripts, install, bdist, build, build_py, install_scripts, build_clib, build_ext, bdist_egg, extract_messages, install_headers, install_data, rotate, install_egg_info, saveopts
[1.900s] DEBUG:colcon.colcon_core.event_handler.log_command:Invoking command in '/home/zinzi/safeguard_ws/src/safeguard_detection': PYTHONPATH=/home/zinzi/safeguard_ws/build/safeguard_detection/prefix_override:/usr/lib/python3/dist-packages/colcon_core/task/python/colcon_distutils_commands:/home/zinzi/safeguard_ws/install/safeguard_detection/lib/python3.10/site-packages:${PYTHONPATH} /usr/bin/python3 -W ignore:setup.py install is deprecated -W ignore:easy_install command is deprecated setup.py egg_info --egg-base ../../build/safeguard_detection build --build-base /home/zinzi/safeguard_ws/build/safeguard_detection/build install --record /home/zinzi/safeguard_ws/build/safeguard_detection/install.log --install-scripts $base/lib/safeguard_detection --single-version-externally-managed install_data
[2.373s] DEBUG:colcon.colcon_core.event_handler.log_command:Invoked command in '/home/zinzi/safeguard_ws/src/safeguard_detection' returned '0': PYTHONPATH=/home/zinzi/safeguard_ws/build/safeguard_detection/prefix_override:/usr/lib/python3/dist-packages/colcon_core/task/python/colcon_distutils_commands:/home/zinzi/safeguard_ws/install/safeguard_detection/lib/python3.10/site-packages:${PYTHONPATH} /usr/bin/python3 -W ignore:setup.py install is deprecated -W ignore:easy_install command is deprecated setup.py egg_info --egg-base ../../build/safeguard_detection build --build-base /home/zinzi/safeguard_ws/build/safeguard_detection/build install --record /home/zinzi/safeguard_ws/build/safeguard_detection/install.log --install-scripts $base/lib/safeguard_detection --single-version-externally-managed install_data
[2.395s] Level 1:colcon.colcon_core.environment:checking '/home/zinzi/safeguard_ws/install/safeguard_detection' for CMake module files
[2.396s] Level 1:colcon.colcon_core.environment:checking '/home/zinzi/safeguard_ws/install/safeguard_detection' for CMake config files
[2.400s] Level 1:colcon.colcon_core.environment:checking '/home/zinzi/safeguard_ws/install/safeguard_detection/lib'
[2.401s] Level 1:colcon.colcon_core.environment:checking '/home/zinzi/safeguard_ws/install/safeguard_detection/bin'
[2.401s] Level 1:colcon.colcon_core.environment:checking '/home/zinzi/safeguard_ws/install/safeguard_detection/lib/pkgconfig/safeguard_detection.pc'
[2.401s] Level 1:colcon.colcon_core.environment:checking '/home/zinzi/safeguard_ws/install/safeguard_detection/lib/python3.10/site-packages'
[2.401s] Level 1:colcon.colcon_core.shell:create_environment_hook('safeguard_detection', 'pythonpath')
[2.401s] INFO:colcon.colcon_core.shell:Creating environment hook '/home/zinzi/safeguard_ws/install/safeguard_detection/share/safeguard_detection/hook/pythonpath.ps1'
[2.402s] INFO:colcon.colcon_core.shell:Creating environment descriptor '/home/zinzi/safeguard_ws/install/safeguard_detection/share/safeguard_detection/hook/pythonpath.dsv'
[2.402s] INFO:colcon.colcon_core.shell:Creating environment hook '/home/zinzi/safeguard_ws/install/safeguard_detection/share/safeguard_detection/hook/pythonpath.sh'
[2.403s] Level 1:colcon.colcon_core.environment:checking '/home/zinzi/safeguard_ws/install/safeguard_detection/bin'
[2.403s] Level 1:colcon.colcon_core.environment:create_environment_scripts_only(safeguard_detection)
[2.404s] INFO:colcon.colcon_core.shell:Creating package script '/home/zinzi/safeguard_ws/install/safeguard_detection/share/safeguard_detection/package.ps1'
[2.407s] INFO:colcon.colcon_core.shell:Creating package descriptor '/home/zinzi/safeguard_ws/install/safeguard_detection/share/safeguard_detection/package.dsv'
[2.409s] INFO:colcon.colcon_core.shell:Creating package script '/home/zinzi/safeguard_ws/install/safeguard_detection/share/safeguard_detection/package.sh'
[2.412s] INFO:colcon.colcon_core.shell:Creating package script '/home/zinzi/safeguard_ws/install/safeguard_detection/share/safeguard_detection/package.bash'
[2.414s] INFO:colcon.colcon_core.shell:Creating package script '/home/zinzi/safeguard_ws/install/safeguard_detection/share/safeguard_detection/package.zsh'
[2.417s] Level 1:colcon.colcon_core.environment:create_file_with_runtime_dependencies(/home/zinzi/safeguard_ws/install/safeguard_detection/share/colcon-core/packages/safeguard_detection)
[2.418s] DEBUG:colcon.colcon_parallel_executor.executor.parallel:closing loop
[2.418s] DEBUG:colcon.colcon_parallel_executor.executor.parallel:loop closed
[2.419s] DEBUG:colcon.colcon_parallel_executor.executor.parallel:run_until_complete finished with '0'
[2.419s] DEBUG:colcon.colcon_core.event_reactor:joining thread
[2.540s] INFO:colcon.colcon_core.plugin_system:Skipping extension 'colcon_notification.desktop_notification.notify_send': Could not find 'notify-send'
[2.540s] INFO:colcon.colcon_core.plugin_system:Skipping extension 'colcon_notification.desktop_notification.terminal_notifier': Not used on non-Darwin systems
[2.540s] INFO:colcon.colcon_core.plugin_system:Skipping extension 'colcon_notification.desktop_notification.win32': Not used on non-Windows systems
[2.540s] INFO:colcon.colcon_notification.desktop_notification:Sending desktop notification using 'notify2'
[2.540s] DEBUG:colcon.colcon_notification.desktop_notification.notify2:Failed to initialize notify2: org.freedesktop.DBus.Error.FileNotFound: Failed to connect to socket /run/user/1000/bus: No such file or directory
[2.541s] DEBUG:colcon.colcon_core.event_reactor:joined thread
[2.541s] INFO:colcon.colcon_core.shell:Creating prefix script '/home/zinzi/safeguard_ws/install/local_setup.ps1'
[2.558s] INFO:colcon.colcon_core.shell:Creating prefix util module '/home/zinzi/safeguard_ws/install/_local_setup_util_ps1.py'
[2.560s] INFO:colcon.colcon_core.shell:Creating prefix chain script '/home/zinzi/safeguard_ws/install/setup.ps1'
[2.563s] INFO:colcon.colcon_core.shell:Creating prefix script '/home/zinzi/safeguard_ws/install/local_setup.sh'
[2.565s] INFO:colcon.colcon_core.shell:Creating prefix util module '/home/zinzi/safeguard_ws/install/_local_setup_util_sh.py'
[2.566s] INFO:colcon.colcon_core.shell:Creating prefix chain script '/home/zinzi/safeguard_ws/install/setup.sh'
[2.570s] INFO:colcon.colcon_core.shell:Creating prefix script '/home/zinzi/safeguard_ws/install/local_setup.bash'
[2.571s] INFO:colcon.colcon_core.shell:Creating prefix chain script '/home/zinzi/safeguard_ws/install/setup.bash'
[2.573s] INFO:colcon.colcon_core.shell:Creating prefix script '/home/zinzi/safeguard_ws/install/local_setup.zsh'
[2.574s] INFO:colcon.colcon_core.shell:Creating prefix chain script '/home/zinzi/safeguard_ws/install/setup.zsh'
