running egg_info
writing ../../build/safeguard_detection/safeguard_detection.egg-info/PKG-INFO
writing dependency_links to ../../build/safeguard_detection/safeguard_detection.egg-info/dependency_links.txt
writing entry points to ../../build/safeguard_detection/safeguard_detection.egg-info/entry_points.txt
writing requirements to ../../build/safeguard_detection/safeguard_detection.egg-info/requires.txt
writing top-level names to ../../build/safeguard_detection/safeguard_detection.egg-info/top_level.txt
reading manifest file '../../build/safeguard_detection/safeguard_detection.egg-info/SOURCES.txt'
writing manifest file '../../build/safeguard_detection/safeguard_detection.egg-info/SOURCES.txt'
running build
running build_py
copying safeguard_detection/mission_planner.py -> /home/zinzi/safeguard_ws/build/safeguard_detection/build/lib/safeguard_detection
copying safeguard_detection/mavlink_bridge.py -> /home/zinzi/safeguard_ws/build/safeguard_detection/build/lib/safeguard_detection
copying safeguard_detection/__init__.py -> /home/zinzi/safeguard_ws/build/safeguard_detection/build/lib/safeguard_detection
copying safeguard_detection/detection_publisher.py -> /home/zinzi/safeguard_ws/build/safeguard_detection/build/lib/safeguard_detection
running install
running install_lib
copying /home/zinzi/safeguard_ws/build/safeguard_detection/build/lib/safeguard_detection/mission_planner.py -> /home/zinzi/safeguard_ws/install/safeguard_detection/lib/python3.10/site-packages/safeguard_detection
byte-compiling /home/zinzi/safeguard_ws/install/safeguard_detection/lib/python3.10/site-packages/safeguard_detection/mission_planner.py to mission_planner.cpython-310.pyc
running install_data
copying resource/safeguard_detection -> /home/zinzi/safeguard_ws/install/safeguard_detection/share/ament_index/resource_index/packages
copying package.xml -> /home/zinzi/safeguard_ws/install/safeguard_detection/share/safeguard_detection
running install_egg_info
removing '/home/zinzi/safeguard_ws/install/safeguard_detection/lib/python3.10/site-packages/safeguard_detection-0.0.0-py3.10.egg-info' (and everything under it)
Copying ../../build/safeguard_detection/safeguard_detection.egg-info to /home/zinzi/safeguard_ws/install/safeguard_detection/lib/python3.10/site-packages/safeguard_detection-0.0.0-py3.10.egg-info
running install_scripts
Installing detection_publisher script to /home/zinzi/safeguard_ws/install/safeguard_detection/lib/safeguard_detection
Installing mavlink_bridge script to /home/zinzi/safeguard_ws/install/safeguard_detection/lib/safeguard_detection
Installing mission_planner script to /home/zinzi/safeguard_ws/install/safeguard_detection/lib/safeguard_detection
writing list of installed files to '/home/zinzi/safeguard_ws/build/safeguard_detection/install.log'
