[1.171s] Invoking command in '/home/zinzi/safeguard_ws/src/safeguard_detection': PYTHONPATH=/home/zinzi/safeguard_ws/build/safeguard_detection/prefix_override:/usr/lib/python3/dist-packages/colcon_core/task/python/colcon_distutils_commands:/home/zinzi/safeguard_ws/install/safeguard_detection/lib/python3.10/site-packages:${PYTHONPATH} /usr/bin/python3 -W ignore:setup.py install is deprecated -W ignore:easy_install command is deprecated setup.py egg_info --egg-base ../../build/safeguard_detection build --build-base /home/zinzi/safeguard_ws/build/safeguard_detection/build install --record /home/zinzi/safeguard_ws/build/safeguard_detection/install.log --install-scripts $base/lib/safeguard_detection --single-version-externally-managed install_data
[1.635s] running egg_info
[1.650s] writing ../../build/safeguard_detection/safeguard_detection.egg-info/PKG-INFO
[1.654s] writing dependency_links to ../../build/safeguard_detection/safeguard_detection.egg-info/dependency_links.txt
[1.655s] writing entry points to ../../build/safeguard_detection/safeguard_detection.egg-info/entry_points.txt
[1.657s] writing requirements to ../../build/safeguard_detection/safeguard_detection.egg-info/requires.txt
[1.659s] writing top-level names to ../../build/safeguard_detection/safeguard_detection.egg-info/top_level.txt
[1.720s] reading manifest file '../../build/safeguard_detection/safeguard_detection.egg-info/SOURCES.txt'
[1.723s] writing manifest file '../../build/safeguard_detection/safeguard_detection.egg-info/SOURCES.txt'
[1.723s] running build
[1.724s] running build_py
[1.724s] copying safeguard_detection/mission_planner.py -> /home/zinzi/safeguard_ws/build/safeguard_detection/build/lib/safeguard_detection
[1.724s] copying safeguard_detection/mavlink_bridge.py -> /home/zinzi/safeguard_ws/build/safeguard_detection/build/lib/safeguard_detection
[1.725s] copying safeguard_detection/__init__.py -> /home/zinzi/safeguard_ws/build/safeguard_detection/build/lib/safeguard_detection
[1.727s] copying safeguard_detection/detection_publisher.py -> /home/zinzi/safeguard_ws/build/safeguard_detection/build/lib/safeguard_detection
[1.731s] running install
[1.741s] running install_lib
[1.767s] copying /home/zinzi/safeguard_ws/build/safeguard_detection/build/lib/safeguard_detection/mavlink_bridge.py -> /home/zinzi/safeguard_ws/install/safeguard_detection/lib/python3.10/site-packages/safeguard_detection
[1.769s] byte-compiling /home/zinzi/safeguard_ws/install/safeguard_detection/lib/python3.10/site-packages/safeguard_detection/mavlink_bridge.py to mavlink_bridge.cpython-310.pyc
[1.771s] running install_data
[1.771s] copying resource/safeguard_detection -> /home/zinzi/safeguard_ws/install/safeguard_detection/share/ament_index/resource_index/packages
[1.772s] copying package.xml -> /home/zinzi/safeguard_ws/install/safeguard_detection/share/safeguard_detection
[1.772s] running install_egg_info
[1.799s] removing '/home/zinzi/safeguard_ws/install/safeguard_detection/lib/python3.10/site-packages/safeguard_detection-0.0.0-py3.10.egg-info' (and everything under it)
[1.801s] Copying ../../build/safeguard_detection/safeguard_detection.egg-info to /home/zinzi/safeguard_ws/install/safeguard_detection/lib/python3.10/site-packages/safeguard_detection-0.0.0-py3.10.egg-info
[1.804s] running install_scripts
[1.849s] Installing detection_publisher script to /home/zinzi/safeguard_ws/install/safeguard_detection/lib/safeguard_detection
[1.849s] Installing mavlink_bridge script to /home/zinzi/safeguard_ws/install/safeguard_detection/lib/safeguard_detection
[1.850s] Installing mission_planner script to /home/zinzi/safeguard_ws/install/safeguard_detection/lib/safeguard_detection
[1.851s] writing list of installed files to '/home/zinzi/safeguard_ws/build/safeguard_detection/install.log'
[1.895s] Invoked command in '/home/zinzi/safeguard_ws/src/safeguard_detection' returned '0': PYTHONPATH=/home/zinzi/safeguard_ws/build/safeguard_detection/prefix_override:/usr/lib/python3/dist-packages/colcon_core/task/python/colcon_distutils_commands:/home/zinzi/safeguard_ws/install/safeguard_detection/lib/python3.10/site-packages:${PYTHONPATH} /usr/bin/python3 -W ignore:setup.py install is deprecated -W ignore:easy_install command is deprecated setup.py egg_info --egg-base ../../build/safeguard_detection build --build-base /home/zinzi/safeguard_ws/build/safeguard_detection/build install --record /home/zinzi/safeguard_ws/build/safeguard_detection/install.log --install-scripts $base/lib/safeguard_detection --single-version-externally-managed install_data
