running egg_info
creating ../../build/safeguard_detection/safeguard_detection.egg-info
writing ../../build/safeguard_detection/safeguard_detection.egg-info/PKG-INFO
writing dependency_links to ../../build/safeguard_detection/safeguard_detection.egg-info/dependency_links.txt
writing entry points to ../../build/safeguard_detection/safeguard_detection.egg-info/entry_points.txt
writing requirements to ../../build/safeguard_detection/safeguard_detection.egg-info/requires.txt
writing top-level names to ../../build/safeguard_detection/safeguard_detection.egg-info/top_level.txt
writing manifest file '../../build/safeguard_detection/safeguard_detection.egg-info/SOURCES.txt'
reading manifest file '../../build/safeguard_detection/safeguard_detection.egg-info/SOURCES.txt'
writing manifest file '../../build/safeguard_detection/safeguard_detection.egg-info/SOURCES.txt'
running build
running build_py
creating /home/zinzi/safeguard_ws/build/safeguard_detection/build
creating /home/zinzi/safeguard_ws/build/safeguard_detection/build/lib
creating /home/zinzi/safeguard_ws/build/safeguard_detection/build/lib/safeguard_detection
copying safeguard_detection/__init__.py -> /home/zinzi/safeguard_ws/build/safeguard_detection/build/lib/safeguard_detection
running install
running install_lib
creating /home/zinzi/safeguard_ws/install/safeguard_detection/lib/python3.10/site-packages/safeguard_detection
copying /home/zinzi/safeguard_ws/build/safeguard_detection/build/lib/safeguard_detection/__init__.py -> /home/zinzi/safeguard_ws/install/safeguard_detection/lib/python3.10/site-packages/safeguard_detection
byte-compiling /home/zinzi/safeguard_ws/install/safeguard_detection/lib/python3.10/site-packages/safeguard_detection/__init__.py to __init__.cpython-310.pyc
running install_data
creating /home/zinzi/safeguard_ws/install/safeguard_detection/share/ament_index
creating /home/zinzi/safeguard_ws/install/safeguard_detection/share/ament_index/resource_index
creating /home/zinzi/safeguard_ws/install/safeguard_detection/share/ament_index/resource_index/packages
copying resource/safeguard_detection -> /home/zinzi/safeguard_ws/install/safeguard_detection/share/ament_index/resource_index/packages
copying package.xml -> /home/zinzi/safeguard_ws/install/safeguard_detection/share/safeguard_detection
running install_egg_info
Copying ../../build/safeguard_detection/safeguard_detection.egg-info to /home/zinzi/safeguard_ws/install/safeguard_detection/lib/python3.10/site-packages/safeguard_detection-0.0.0-py3.10.egg-info
running install_scripts
writing list of installed files to '/home/zinzi/safeguard_ws/build/safeguard_detection/install.log'
