[0.728s] Invoking command in '/home/zinzi/safeguard_ws/src/safeguard_detection': PYTHONPATH=/home/zinzi/safeguard_ws/build/safeguard_detection/prefix_override:/usr/lib/python3/dist-packages/colcon_core/task/python/colcon_distutils_commands:/home/zinzi/safeguard_ws/install/safeguard_detection/lib/python3.10/site-packages:${PYTHONPATH} /usr/bin/python3 -W ignore:setup.py install is deprecated -W ignore:easy_install command is deprecated setup.py egg_info --egg-base ../../build/safeguard_detection build --build-base /home/zinzi/safeguard_ws/build/safeguard_detection/build install --record /home/zinzi/safeguard_ws/build/safeguard_detection/install.log --install-scripts $base/lib/safeguard_detection --single-version-externally-managed install_data
[0.911s] running egg_info
[0.912s] creating ../../build/safeguard_detection/safeguard_detection.egg-info
[0.912s] writing ../../build/safeguard_detection/safeguard_detection.egg-info/PKG-INFO
[0.912s] writing dependency_links to ../../build/safeguard_detection/safeguard_detection.egg-info/dependency_links.txt
[0.913s] writing entry points to ../../build/safeguard_detection/safeguard_detection.egg-info/entry_points.txt
[0.913s] writing requirements to ../../build/safeguard_detection/safeguard_detection.egg-info/requires.txt
[0.915s] writing top-level names to ../../build/safeguard_detection/safeguard_detection.egg-info/top_level.txt
[0.916s] writing manifest file '../../build/safeguard_detection/safeguard_detection.egg-info/SOURCES.txt'
[0.919s] reading manifest file '../../build/safeguard_detection/safeguard_detection.egg-info/SOURCES.txt'
[0.920s] writing manifest file '../../build/safeguard_detection/safeguard_detection.egg-info/SOURCES.txt'
[0.920s] running build
[0.920s] running build_py
[0.920s] creating /home/zinzi/safeguard_ws/build/safeguard_detection/build
[0.920s] creating /home/zinzi/safeguard_ws/build/safeguard_detection/build/lib
[0.920s] creating /home/zinzi/safeguard_ws/build/safeguard_detection/build/lib/safeguard_detection
[0.921s] copying safeguard_detection/__init__.py -> /home/zinzi/safeguard_ws/build/safeguard_detection/build/lib/safeguard_detection
[0.921s] running install
[0.921s] running install_lib
[0.922s] creating /home/zinzi/safeguard_ws/install/safeguard_detection/lib/python3.10/site-packages/safeguard_detection
[0.922s] copying /home/zinzi/safeguard_ws/build/safeguard_detection/build/lib/safeguard_detection/__init__.py -> /home/zinzi/safeguard_ws/install/safeguard_detection/lib/python3.10/site-packages/safeguard_detection
[0.922s] byte-compiling /home/zinzi/safeguard_ws/install/safeguard_detection/lib/python3.10/site-packages/safeguard_detection/__init__.py to __init__.cpython-310.pyc
[0.923s] running install_data
[0.924s] creating /home/zinzi/safeguard_ws/install/safeguard_detection/share/ament_index
[0.924s] creating /home/zinzi/safeguard_ws/install/safeguard_detection/share/ament_index/resource_index
[0.924s] creating /home/zinzi/safeguard_ws/install/safeguard_detection/share/ament_index/resource_index/packages
[0.924s] copying resource/safeguard_detection -> /home/zinzi/safeguard_ws/install/safeguard_detection/share/ament_index/resource_index/packages
[0.925s] copying package.xml -> /home/zinzi/safeguard_ws/install/safeguard_detection/share/safeguard_detection
[0.925s] running install_egg_info
[0.926s] Copying ../../build/safeguard_detection/safeguard_detection.egg-info to /home/zinzi/safeguard_ws/install/safeguard_detection/lib/python3.10/site-packages/safeguard_detection-0.0.0-py3.10.egg-info
[0.930s] running install_scripts
[0.953s] writing list of installed files to '/home/zinzi/safeguard_ws/build/safeguard_detection/install.log'
[0.980s] Invoked command in '/home/zinzi/safeguard_ws/src/safeguard_detection' returned '0': PYTHONPATH=/home/zinzi/safeguard_ws/build/safeguard_detection/prefix_override:/usr/lib/python3/dist-packages/colcon_core/task/python/colcon_distutils_commands:/home/zinzi/safeguard_ws/install/safeguard_detection/lib/python3.10/site-packages:${PYTHONPATH} /usr/bin/python3 -W ignore:setup.py install is deprecated -W ignore:easy_install command is deprecated setup.py egg_info --egg-base ../../build/safeguard_detection build --build-base /home/zinzi/safeguard_ws/build/safeguard_detection/build install --record /home/zinzi/safeguard_ws/build/safeguard_detection/install.log --install-scripts $base/lib/safeguard_detection --single-version-externally-managed install_data
