[1.424s] Invoking command in '/home/zinzi/safeguard_ws/src/safeguard_detection': PYTHONPATH=/home/zinzi/safeguard_ws/build/safeguard_detection/prefix_override:/usr/lib/python3/dist-packages/colcon_core/task/python/colcon_distutils_commands:/home/zinzi/safeguard_ws/install/safeguard_detection/lib/python3.10/site-packages:${PYTHONPATH} /usr/bin/python3 -W ignore:setup.py install is deprecated -W ignore:easy_install command is deprecated setup.py egg_info --egg-base ../../build/safeguard_detection build --build-base /home/zinzi/safeguard_ws/build/safeguard_detection/build install --record /home/zinzi/safeguard_ws/build/safeguard_detection/install.log --install-scripts $base/lib/safeguard_detection --single-version-externally-managed install_data
[1.835s] running egg_info
[1.859s] writing ../../build/safeguard_detection/safeguard_detection.egg-info/PKG-INFO
[1.866s] writing dependency_links to ../../build/safeguard_detection/safeguard_detection.egg-info/dependency_links.txt
[1.867s] writing entry points to ../../build/safeguard_detection/safeguard_detection.egg-info/entry_points.txt
[1.868s] writing requirements to ../../build/safeguard_detection/safeguard_detection.egg-info/requires.txt
[1.868s] writing top-level names to ../../build/safeguard_detection/safeguard_detection.egg-info/top_level.txt
[1.919s] reading manifest file '../../build/safeguard_detection/safeguard_detection.egg-info/SOURCES.txt'
[1.928s] writing manifest file '../../build/safeguard_detection/safeguard_detection.egg-info/SOURCES.txt'
[1.929s] running build
[1.930s] running build_py
[1.930s] copying safeguard_detection/mission_planner.py -> /home/zinzi/safeguard_ws/build/safeguard_detection/build/lib/safeguard_detection
[1.930s] copying safeguard_detection/__init__.py -> /home/zinzi/safeguard_ws/build/safeguard_detection/build/lib/safeguard_detection
[1.931s] copying safeguard_detection/detection_publisher.py -> /home/zinzi/safeguard_ws/build/safeguard_detection/build/lib/safeguard_detection
[1.932s] running install
[1.936s] running install_lib
[1.960s] copying /home/zinzi/safeguard_ws/build/safeguard_detection/build/lib/safeguard_detection/mission_planner.py -> /home/zinzi/safeguard_ws/install/safeguard_detection/lib/python3.10/site-packages/safeguard_detection
[1.962s] byte-compiling /home/zinzi/safeguard_ws/install/safeguard_detection/lib/python3.10/site-packages/safeguard_detection/mission_planner.py to mission_planner.cpython-310.pyc
[1.964s] running install_data
[1.964s] copying resource/safeguard_detection -> /home/zinzi/safeguard_ws/install/safeguard_detection/share/ament_index/resource_index/packages
[1.966s] copying package.xml -> /home/zinzi/safeguard_ws/install/safeguard_detection/share/safeguard_detection
[1.966s] running install_egg_info
[1.984s] removing '/home/zinzi/safeguard_ws/install/safeguard_detection/lib/python3.10/site-packages/safeguard_detection-0.0.0-py3.10.egg-info' (and everything under it)
[1.996s] Copying ../../build/safeguard_detection/safeguard_detection.egg-info to /home/zinzi/safeguard_ws/install/safeguard_detection/lib/python3.10/site-packages/safeguard_detection-0.0.0-py3.10.egg-info
[1.999s] running install_scripts
[2.045s] Installing detection_publisher script to /home/zinzi/safeguard_ws/install/safeguard_detection/lib/safeguard_detection
[2.048s] Installing mission_planner script to /home/zinzi/safeguard_ws/install/safeguard_detection/lib/safeguard_detection
[2.050s] writing list of installed files to '/home/zinzi/safeguard_ws/build/safeguard_detection/install.log'
[2.100s] Invoked command in '/home/zinzi/safeguard_ws/src/safeguard_detection' returned '0': PYTHONPATH=/home/zinzi/safeguard_ws/build/safeguard_detection/prefix_override:/usr/lib/python3/dist-packages/colcon_core/task/python/colcon_distutils_commands:/home/zinzi/safeguard_ws/install/safeguard_detection/lib/python3.10/site-packages:${PYTHONPATH} /usr/bin/python3 -W ignore:setup.py install is deprecated -W ignore:easy_install command is deprecated setup.py egg_info --egg-base ../../build/safeguard_detection build --build-base /home/zinzi/safeguard_ws/build/safeguard_detection/build install --record /home/zinzi/safeguard_ws/build/safeguard_detection/install.log --install-scripts $base/lib/safeguard_detection --single-version-externally-managed install_data
