[0.854s] DEBUG:colcon:Command line arguments: ['/usr/bin/colcon', 'build']
[0.854s] DEBUG:colcon:Parsed command line arguments: Namespace(log_base=None, log_level=None, verb_name='build', build_base='build', install_base='install', merge_install=False, symlink_install=False, test_result_base=None, continue_on_error=False, executor='parallel', parallel_workers=8, event_handlers=None, ignore_user_meta=False, metas=['./colcon.meta'], base_paths=['.'], packages_ignore=None, packages_ignore_regex=None, paths=None, packages_up_to=None, packages_up_to_regex=None, packages_above=None, packages_above_and_dependencies=None, packages_above_depth=None, packages_select_by_dep=None, packages_skip_by_dep=None, packages_skip_up_to=None, packages_select_build_failed=False, packages_skip_build_finished=False, packages_select_test_failures=False, packages_skip_test_passed=False, packages_select=None, packages_skip=None, packages_select_regex=None, packages_skip_regex=None, packages_start=None, packages_end=None, allow_overriding=[], cmake_args=None, cmake_target=None, cmake_target_skip_unavailable=False, cmake_clean_cache=False, cmake_clean_first=False, cmake_force_configure=False, ament_cmake_args=None, catkin_cmake_args=None, catkin_skip_building_tests=False, verb_parser=<colcon_defaults.argument_parser.defaults.DefaultArgumentsDecorator object at 0x7518c4569db0>, verb_extension=<colcon_core.verb.build.BuildVerb object at 0x7518c46f73a0>, main=<bound method BuildVerb.main of <colcon_core.verb.build.BuildVerb object at 0x7518c46f73a0>>)
[1.027s] Level 1:colcon.colcon_core.package_discovery:discover_packages(colcon_meta) check parameters
[1.027s] Level 1:colcon.colcon_core.package_discovery:discover_packages(recursive) check parameters
[1.027s] Level 1:colcon.colcon_core.package_discovery:discover_packages(ignore) check parameters
[1.027s] Level 1:colcon.colcon_core.package_discovery:discover_packages(path) check parameters
[1.027s] Level 1:colcon.colcon_core.package_discovery:discover_packages(colcon_meta) discover
[1.027s] Level 1:colcon.colcon_core.package_discovery:discover_packages(recursive) discover
[1.027s] INFO:colcon.colcon_core.package_discovery:Crawling recursively for packages in '/home/zinzi/safeguard_ws'
[1.027s] Level 1:colcon.colcon_core.package_identification:_identify(.) by extensions ['ignore', 'ignore_ament_install']
[1.028s] Level 1:colcon.colcon_core.package_identification:_identify(.) by extension 'ignore'
[1.028s] Level 1:colcon.colcon_core.package_identification:_identify(.) by extension 'ignore_ament_install'
[1.028s] Level 1:colcon.colcon_core.package_identification:_identify(.) by extensions ['colcon_pkg']
[1.028s] Level 1:colcon.colcon_core.package_identification:_identify(.) by extension 'colcon_pkg'
[1.028s] Level 1:colcon.colcon_core.package_identification:_identify(.) by extensions ['colcon_meta']
[1.028s] Level 1:colcon.colcon_core.package_identification:_identify(.) by extension 'colcon_meta'
[1.028s] Level 1:colcon.colcon_core.package_identification:_identify(.) by extensions ['ros']
[1.028s] Level 1:colcon.colcon_core.package_identification:_identify(.) by extension 'ros'
[1.147s] Level 1:colcon.colcon_core.package_identification:_identify(.) by extensions ['cmake', 'python']
[1.147s] Level 1:colcon.colcon_core.package_identification:_identify(.) by extension 'cmake'
[1.147s] Level 1:colcon.colcon_core.package_identification:_identify(.) by extension 'python'
[1.147s] Level 1:colcon.colcon_core.package_identification:_identify(.) by extensions ['python_setup_py']
[1.147s] Level 1:colcon.colcon_core.package_identification:_identify(.) by extension 'python_setup_py'
[1.149s] Level 1:colcon.colcon_core.package_identification:_identify(build) by extensions ['ignore', 'ignore_ament_install']
[1.149s] Level 1:colcon.colcon_core.package_identification:_identify(build) by extension 'ignore'
[1.149s] Level 1:colcon.colcon_core.package_identification:_identify(build) ignored
[1.150s] Level 1:colcon.colcon_core.package_identification:_identify(install) by extensions ['ignore', 'ignore_ament_install']
[1.150s] Level 1:colcon.colcon_core.package_identification:_identify(install) by extension 'ignore'
[1.150s] Level 1:colcon.colcon_core.package_identification:_identify(install) ignored
[1.150s] Level 1:colcon.colcon_core.package_identification:_identify(log) by extensions ['ignore', 'ignore_ament_install']
[1.150s] Level 1:colcon.colcon_core.package_identification:_identify(log) by extension 'ignore'
[1.150s] Level 1:colcon.colcon_core.package_identification:_identify(log) ignored
[1.151s] Level 1:colcon.colcon_core.package_identification:_identify(src) by extensions ['ignore', 'ignore_ament_install']
[1.151s] Level 1:colcon.colcon_core.package_identification:_identify(src) by extension 'ignore'
[1.151s] Level 1:colcon.colcon_core.package_identification:_identify(src) by extension 'ignore_ament_install'
[1.151s] Level 1:colcon.colcon_core.package_identification:_identify(src) by extensions ['colcon_pkg']
[1.151s] Level 1:colcon.colcon_core.package_identification:_identify(src) by extension 'colcon_pkg'
[1.151s] Level 1:colcon.colcon_core.package_identification:_identify(src) by extensions ['colcon_meta']
[1.152s] Level 1:colcon.colcon_core.package_identification:_identify(src) by extension 'colcon_meta'
[1.152s] Level 1:colcon.colcon_core.package_identification:_identify(src) by extensions ['ros']
[1.152s] Level 1:colcon.colcon_core.package_identification:_identify(src) by extension 'ros'
[1.152s] Level 1:colcon.colcon_core.package_identification:_identify(src) by extensions ['cmake', 'python']
[1.152s] Level 1:colcon.colcon_core.package_identification:_identify(src) by extension 'cmake'
[1.152s] Level 1:colcon.colcon_core.package_identification:_identify(src) by extension 'python'
[1.152s] Level 1:colcon.colcon_core.package_identification:_identify(src) by extensions ['python_setup_py']
[1.152s] Level 1:colcon.colcon_core.package_identification:_identify(src) by extension 'python_setup_py'
[1.153s] Level 1:colcon.colcon_core.package_identification:_identify(src/safeguard_detection) by extensions ['ignore', 'ignore_ament_install']
[1.153s] Level 1:colcon.colcon_core.package_identification:_identify(src/safeguard_detection) by extension 'ignore'
[1.153s] Level 1:colcon.colcon_core.package_identification:_identify(src/safeguard_detection) by extension 'ignore_ament_install'
[1.153s] Level 1:colcon.colcon_core.package_identification:_identify(src/safeguard_detection) by extensions ['colcon_pkg']
[1.153s] Level 1:colcon.colcon_core.package_identification:_identify(src/safeguard_detection) by extension 'colcon_pkg'
[1.153s] Level 1:colcon.colcon_core.package_identification:_identify(src/safeguard_detection) by extensions ['colcon_meta']
[1.153s] Level 1:colcon.colcon_core.package_identification:_identify(src/safeguard_detection) by extension 'colcon_meta'
[1.153s] Level 1:colcon.colcon_core.package_identification:_identify(src/safeguard_detection) by extensions ['ros']
[1.153s] Level 1:colcon.colcon_core.package_identification:_identify(src/safeguard_detection) by extension 'ros'
[1.169s] DEBUG:colcon.colcon_core.package_identification:Package 'src/safeguard_detection' with type 'ros.ament_python' and name 'safeguard_detection'
[1.169s] Level 1:colcon.colcon_core.package_discovery:discover_packages(recursive) using defaults
[1.169s] Level 1:colcon.colcon_core.package_discovery:discover_packages(ignore) discover
[1.169s] Level 1:colcon.colcon_core.package_discovery:discover_packages(ignore) using defaults
[1.169s] Level 1:colcon.colcon_core.package_discovery:discover_packages(path) discover
[1.169s] Level 1:colcon.colcon_core.package_discovery:discover_packages(path) using defaults
[1.244s] Level 1:colcon.colcon_core.package_discovery:discover_packages(prefix_path) check parameters
[1.244s] Level 1:colcon.colcon_core.package_discovery:discover_packages(prefix_path) discover
[1.256s] DEBUG:colcon.colcon_installed_package_information.package_discovery:Found 279 installed packages in /opt/ros/humble
[1.260s] Level 1:colcon.colcon_core.package_discovery:discover_packages(prefix_path) using defaults
[1.460s] Level 5:colcon.colcon_core.verb:set package 'safeguard_detection' build argument 'cmake_args' from command line to 'None'
[1.460s] Level 5:colcon.colcon_core.verb:set package 'safeguard_detection' build argument 'cmake_target' from command line to 'None'
[1.460s] Level 5:colcon.colcon_core.verb:set package 'safeguard_detection' build argument 'cmake_target_skip_unavailable' from command line to 'False'
[1.460s] Level 5:colcon.colcon_core.verb:set package 'safeguard_detection' build argument 'cmake_clean_cache' from command line to 'False'
[1.460s] Level 5:colcon.colcon_core.verb:set package 'safeguard_detection' build argument 'cmake_clean_first' from command line to 'False'
[1.460s] Level 5:colcon.colcon_core.verb:set package 'safeguard_detection' build argument 'cmake_force_configure' from command line to 'False'
[1.460s] Level 5:colcon.colcon_core.verb:set package 'safeguard_detection' build argument 'ament_cmake_args' from command line to 'None'
[1.460s] Level 5:colcon.colcon_core.verb:set package 'safeguard_detection' build argument 'catkin_cmake_args' from command line to 'None'
[1.460s] Level 5:colcon.colcon_core.verb:set package 'safeguard_detection' build argument 'catkin_skip_building_tests' from command line to 'False'
[1.460s] DEBUG:colcon.colcon_core.verb:Building package 'safeguard_detection' with the following arguments: {'ament_cmake_args': None, 'build_base': '/home/zinzi/safeguard_ws/build/safeguard_detection', 'catkin_cmake_args': None, 'catkin_skip_building_tests': False, 'cmake_args': None, 'cmake_clean_cache': False, 'cmake_clean_first': False, 'cmake_force_configure': False, 'cmake_target': None, 'cmake_target_skip_unavailable': False, 'install_base': '/home/zinzi/safeguard_ws/install/safeguard_detection', 'merge_install': False, 'path': '/home/zinzi/safeguard_ws/src/safeguard_detection', 'symlink_install': False, 'test_result_base': None}
[1.461s] INFO:colcon.colcon_core.executor:Executing jobs using 'parallel' executor
[1.463s] DEBUG:colcon.colcon_parallel_executor.executor.parallel:run_until_complete
[1.464s] INFO:colcon.colcon_ros.task.ament_python.build:Building ROS package in '/home/zinzi/safeguard_ws/src/safeguard_detection' with build type 'ament_python'
[1.464s] Level 1:colcon.colcon_core.shell:create_environment_hook('safeguard_detection', 'ament_prefix_path')
[1.479s] INFO:colcon.colcon_core.plugin_system:Skipping extension 'colcon_core.shell.bat': Not used on non-Windows systems
[1.479s] INFO:colcon.colcon_core.shell:Creating environment hook '/home/zinzi/safeguard_ws/install/safeguard_detection/share/safeguard_detection/hook/ament_prefix_path.ps1'
[1.482s] INFO:colcon.colcon_core.shell:Creating environment descriptor '/home/zinzi/safeguard_ws/install/safeguard_detection/share/safeguard_detection/hook/ament_prefix_path.dsv'
[1.484s] INFO:colcon.colcon_core.shell:Creating environment hook '/home/zinzi/safeguard_ws/install/safeguard_detection/share/safeguard_detection/hook/ament_prefix_path.sh'
[1.488s] INFO:colcon.colcon_core.shell:Skip shell extension 'powershell' for command environment: Not usable outside of PowerShell
[1.489s] DEBUG:colcon.colcon_core.shell:Skip shell extension 'dsv' for command environment
[1.870s] INFO:colcon.colcon_core.task.python.build:Building Python package in '/home/zinzi/safeguard_ws/src/safeguard_detection'
[1.870s] INFO:colcon.colcon_core.shell:Skip shell extension 'powershell' for command environment: Not usable outside of PowerShell
[1.870s] DEBUG:colcon.colcon_core.shell:Skip shell extension 'dsv' for command environment
[2.519s] DEBUG:colcon.colcon_core.task.python.build:Available setuptools commands: alias, bdist_wheel, saveopts, build_py, build_scripts, rotate, check, install, install_headers, setopt, compile_catalog, editable_wheel, easy_install, build_clib, bdist_egg, bdist_rpm, install_scripts, build_ext, clean, egg_info, install_data, install_egg_info, install_lib, extract_messages, build, dist_info, bdist, symlink_data, bdist_dumb, update_catalog, develop, init_catalog, sdist
[2.524s] DEBUG:colcon.colcon_core.event_handler.log_command:Invoking command in '/home/zinzi/safeguard_ws/src/safeguard_detection': PYTHONPATH=/home/zinzi/safeguard_ws/build/safeguard_detection/prefix_override:/usr/lib/python3/dist-packages/colcon_core/task/python/colcon_distutils_commands:/home/zinzi/safeguard_ws/install/safeguard_detection/lib/python3.10/site-packages:${PYTHONPATH} /usr/bin/python3 -W ignore:setup.py install is deprecated -W ignore:easy_install command is deprecated setup.py egg_info --egg-base ../../build/safeguard_detection build --build-base /home/zinzi/safeguard_ws/build/safeguard_detection/build install --record /home/zinzi/safeguard_ws/build/safeguard_detection/install.log --install-scripts $base/lib/safeguard_detection --single-version-externally-managed install_data
[2.962s] DEBUG:colcon.colcon_core.event_handler.log_command:Invoked command in '/home/zinzi/safeguard_ws/src/safeguard_detection' returned '0': PYTHONPATH=/home/zinzi/safeguard_ws/build/safeguard_detection/prefix_override:/usr/lib/python3/dist-packages/colcon_core/task/python/colcon_distutils_commands:/home/zinzi/safeguard_ws/install/safeguard_detection/lib/python3.10/site-packages:${PYTHONPATH} /usr/bin/python3 -W ignore:setup.py install is deprecated -W ignore:easy_install command is deprecated setup.py egg_info --egg-base ../../build/safeguard_detection build --build-base /home/zinzi/safeguard_ws/build/safeguard_detection/build install --record /home/zinzi/safeguard_ws/build/safeguard_detection/install.log --install-scripts $base/lib/safeguard_detection --single-version-externally-managed install_data
[2.972s] Level 1:colcon.colcon_core.environment:checking '/home/zinzi/safeguard_ws/install/safeguard_detection' for CMake module files
[2.973s] Level 1:colcon.colcon_core.environment:checking '/home/zinzi/safeguard_ws/install/safeguard_detection' for CMake config files
[2.978s] Level 1:colcon.colcon_core.environment:checking '/home/zinzi/safeguard_ws/install/safeguard_detection/lib'
[2.978s] Level 1:colcon.colcon_core.environment:checking '/home/zinzi/safeguard_ws/install/safeguard_detection/bin'
[2.978s] Level 1:colcon.colcon_core.environment:checking '/home/zinzi/safeguard_ws/install/safeguard_detection/lib/pkgconfig/safeguard_detection.pc'
[2.978s] Level 1:colcon.colcon_core.environment:checking '/home/zinzi/safeguard_ws/install/safeguard_detection/lib/python3.10/site-packages'
[2.978s] Level 1:colcon.colcon_core.shell:create_environment_hook('safeguard_detection', 'pythonpath')
[2.979s] INFO:colcon.colcon_core.shell:Creating environment hook '/home/zinzi/safeguard_ws/install/safeguard_detection/share/safeguard_detection/hook/pythonpath.ps1'
[2.979s] INFO:colcon.colcon_core.shell:Creating environment descriptor '/home/zinzi/safeguard_ws/install/safeguard_detection/share/safeguard_detection/hook/pythonpath.dsv'
[2.980s] INFO:colcon.colcon_core.shell:Creating environment hook '/home/zinzi/safeguard_ws/install/safeguard_detection/share/safeguard_detection/hook/pythonpath.sh'
[2.980s] Level 1:colcon.colcon_core.environment:checking '/home/zinzi/safeguard_ws/install/safeguard_detection/bin'
[2.980s] Level 1:colcon.colcon_core.environment:create_environment_scripts_only(safeguard_detection)
[2.981s] INFO:colcon.colcon_core.shell:Creating package script '/home/zinzi/safeguard_ws/install/safeguard_detection/share/safeguard_detection/package.ps1'
[2.982s] INFO:colcon.colcon_core.shell:Creating package descriptor '/home/zinzi/safeguard_ws/install/safeguard_detection/share/safeguard_detection/package.dsv'
[2.983s] INFO:colcon.colcon_core.shell:Creating package script '/home/zinzi/safeguard_ws/install/safeguard_detection/share/safeguard_detection/package.sh'
[2.984s] INFO:colcon.colcon_core.shell:Creating package script '/home/zinzi/safeguard_ws/install/safeguard_detection/share/safeguard_detection/package.bash'
[2.986s] INFO:colcon.colcon_core.shell:Creating package script '/home/zinzi/safeguard_ws/install/safeguard_detection/share/safeguard_detection/package.zsh'
[2.987s] Level 1:colcon.colcon_core.environment:create_file_with_runtime_dependencies(/home/zinzi/safeguard_ws/install/safeguard_detection/share/colcon-core/packages/safeguard_detection)
[2.988s] DEBUG:colcon.colcon_parallel_executor.executor.parallel:closing loop
[2.988s] DEBUG:colcon.colcon_parallel_executor.executor.parallel:loop closed
[2.988s] DEBUG:colcon.colcon_parallel_executor.executor.parallel:run_until_complete finished with '0'
[2.989s] DEBUG:colcon.colcon_core.event_reactor:joining thread
[3.092s] INFO:colcon.colcon_core.plugin_system:Skipping extension 'colcon_notification.desktop_notification.notify_send': Could not find 'notify-send'
[3.092s] INFO:colcon.colcon_core.plugin_system:Skipping extension 'colcon_notification.desktop_notification.terminal_notifier': Not used on non-Darwin systems
[3.092s] INFO:colcon.colcon_core.plugin_system:Skipping extension 'colcon_notification.desktop_notification.win32': Not used on non-Windows systems
[3.092s] INFO:colcon.colcon_notification.desktop_notification:Sending desktop notification using 'notify2'
[3.095s] DEBUG:colcon.colcon_notification.desktop_notification.notify2:Failed to initialize notify2: org.freedesktop.DBus.Error.FileNotFound: Failed to connect to socket /run/user/1000/bus: No such file or directory
[3.095s] DEBUG:colcon.colcon_core.event_reactor:joined thread
[3.096s] INFO:colcon.colcon_core.shell:Creating prefix script '/home/zinzi/safeguard_ws/install/local_setup.ps1'
[3.097s] INFO:colcon.colcon_core.shell:Creating prefix util module '/home/zinzi/safeguard_ws/install/_local_setup_util_ps1.py'
[3.100s] INFO:colcon.colcon_core.shell:Creating prefix chain script '/home/zinzi/safeguard_ws/install/setup.ps1'
[3.101s] INFO:colcon.colcon_core.shell:Creating prefix script '/home/zinzi/safeguard_ws/install/local_setup.sh'
[3.102s] INFO:colcon.colcon_core.shell:Creating prefix util module '/home/zinzi/safeguard_ws/install/_local_setup_util_sh.py'
[3.103s] INFO:colcon.colcon_core.shell:Creating prefix chain script '/home/zinzi/safeguard_ws/install/setup.sh'
[3.104s] INFO:colcon.colcon_core.shell:Creating prefix script '/home/zinzi/safeguard_ws/install/local_setup.bash'
[3.105s] INFO:colcon.colcon_core.shell:Creating prefix chain script '/home/zinzi/safeguard_ws/install/setup.bash'
[3.106s] INFO:colcon.colcon_core.shell:Creating prefix script '/home/zinzi/safeguard_ws/install/local_setup.zsh'
[3.107s] INFO:colcon.colcon_core.shell:Creating prefix chain script '/home/zinzi/safeguard_ws/install/setup.zsh'
